CREATE EXTENSION yezzey;
SET client_min_messages TO WARNING;
-- AO
CREATE TABLE regaotya(i INT, j INT) WITH (appendonly=true);
INSERT INTO regaotya SELECT i,i + 1 FROM generate_series(1, 100000) i;
SELECT * FROM yezzey_define_offload_policy('regaotya');
 yezzey_define_offload_policy 
------------------------------
 
(1 row)

SELECT reltablespace FROM pg_class where oid = 'regaotya'::regclass::oid;
 reltablespace 
---------------
          8555
(1 row)

SELECT count(1) from regaotya;
 count  
--------
 100000
(1 row)

ALTER TABLE regaotya DROP COLUMN j;
SELECT count(1) from regaotya;
 count  
--------
 100000
(1 row)

DROP TABLE regaotya;
DROP EXTENSION yezzey;
CHECKPOINT;
