CREATE EXTENSION yezzey;
SET client_min_messages TO WARNING;
-- AO
CREATE TABLE regaotya(i INT, j INT) WITH (appendonly=true);
INSERT INTO regaotya SELECT i,i + 1 FROM generate_series(1, 100000) i;
SELECT * FROM yezzey_define_offload_policy('regaotya');
 yezzey_define_offload_policy 
------------------------------
 
(1 row)

SELECT reltablespace FROM pg_class where oid = 'regaotya'::regclass::oid;
 reltablespace 
---------------
          8555
(1 row)

SELECT count(1) from regaotya;
 count  
--------
 100000
(1 row)

-- drop columnn
ALTER TABLE regaotya DROP COLUMN j;
SELECT count(1) from regaotya;
 count  
--------
 100000
(1 row)

SELECT count() FROM yezzey_offload_relation_status('regaotya');
 count 
-------
     3
(1 row)

SELECT count() FROM yezzey_offload_relation_status_per_filesegment('regaotya');
 count 
-------
     3
(1 row)

SELECT count(), sum(external_bytes) FROM yezzey_relation_describe_external_storage_structure('regaotya');
 count |   sum   
-------+---------
     6 | 3604096
(1 row)

DROP TABLE regaotya;
-- AOCS 
CREATE TABLE regaocstya(i INT, j INT) WITH (appendonly=true, orientation=column);
INSERT INTO regaocstya SELECT i,i + 1 FROM generate_series(1, 100000) i;
SELECT * FROM yezzey_define_offload_policy('regaocstya');
 yezzey_define_offload_policy 
------------------------------
 
(1 row)

SELECT reltablespace FROM pg_class where oid = 'regaocstya'::regclass::oid;
 reltablespace 
---------------
          8555
(1 row)

SELECT count(1) from regaocstya;
 count  
--------
 100000
(1 row)

-- drop columnn
ALTER TABLE regaocstya DROP COLUMN j;
SELECT count(1) from regaocstya;
 count  
--------
 100000
(1 row)

SELECT count() FROM yezzey_offload_relation_status('regaocstya');
 count 
-------
     3
(1 row)

SELECT count() FROM yezzey_offload_relation_status_per_filesegment('regaocstya');
 count 
-------
     6
(1 row)

SELECT count(), sum(external_bytes) FROM yezzey_relation_describe_external_storage_structure('regaocstya');
 count |   sum   
-------+---------
    12 | 1602624
(1 row)

DROP TABLE regaocstya;
DROP EXTENSION yezzey;
CHECKPOINT;
