CREATE EXTENSION yezzey VERSION '1.0';
ALTER EXTENSION yezzey UPDATE TO '1.8.6';
CREATE TABLE vacuum_garbage_aot(i INT) WITH (appendonly=true) DISTRIBUTED BY (i);
SELECT yezzey_define_offload_policy('vacuum_garbage_aot');
 yezzey_define_offload_policy 
------------------------------
 
(1 row)

CREATE TABLE vacuum_garbage_aot_r(i INT) WITH (appendonly=true) DISTRIBUTED BY (i);
SELECT yezzey_define_offload_policy('vacuum_garbage_aot_r');
 yezzey_define_offload_policy 
------------------------------
 
(1 row)

-- check how it work with ONLY given relation
INSERT INTO vacuum_garbage_aot_r VALUES(1);
DELETE FROM vacuum_garbage_aot_r;
INSERT INTO vacuum_garbage_aot_r VALUES(1);
VACUUM vacuum_garbage_aot_r;
INSERT INTO vacuum_garbage_aot VALUES(1);
DELETE FROM vacuum_garbage_aot;
INSERT INTO vacuum_garbage_aot VALUES(1);
VACUUM vacuum_garbage_aot;
-- should be three files, old and new, and after vacuum
SELECT count(1) FROM yezzey_relation_describe_external_storage_structure('vacuum_garbage_aot_r');
 count 
-------
     3
(1 row)

-- should be three files, old and new, and after vacuum
SELECT count(1) FROM yezzey_relation_describe_external_storage_structure('vacuum_garbage_aot');
 count 
-------
     3
(1 row)

SELECT yezzey_vacuum_garbage_relation('vacuum_garbage_aot_r', true, true);
 yezzey_vacuum_garbage_relation 
--------------------------------
 
(1 row)

-- should single file.
SELECT count(1) FROM yezzey_relation_describe_external_storage_structure('vacuum_garbage_aot_r');
 count 
-------
     1
(1 row)

-- should not change
SELECT count(1) FROM yezzey_relation_describe_external_storage_structure('vacuum_garbage_aot');
 count 
-------
     3
(1 row)

-- should be one file in each relation
SELECT yezzey_vacuum_garbage(true, true);
 yezzey_vacuum_garbage 
-----------------------
 
 
 
(3 rows)

SELECT count(1) FROM yezzey_relation_describe_external_storage_structure('vacuum_garbage_aot');
 count 
-------
     1
(1 row)

SELECT count(1) FROM yezzey_relation_describe_external_storage_structure('vacuum_garbage_aot_r');
 count 
-------
     1
(1 row)

DROP TABLE vacuum_garbage_aot;
DROP TABLE vacuum_garbage_aot_r;
-- should be zero
SELECT yezzey_vacuum_garbage(true, true);
 yezzey_vacuum_garbage 
-----------------------
 
 
 
(3 rows)

SELECT count(1) FROM yezzey_relation_describe_external_storage_structure('vacuum_garbage_aot');
 count 
-------
     0
(1 row)

SELECT count(1) FROM yezzey_relation_describe_external_storage_structure('vacuum_garbage_aot_r');
 count 
-------
     0
(1 row)

DROP EXTENSION yezzey;
CHECKPOINT;
