CREATE EXTENSION yezzey;
SET client_min_messages TO WARNING;
-- AO
CREATE TABLE regaoty(i INT) WITH (appendonly=true);
set allow_system_table_mods TO on;
update gp_distribution_policy set numsegments = 2 where localoid = 'regaoty'::regclass::oid;
SELECT * FROM yezzey_define_offload_policy('regaoty');
 yezzey_define_offload_policy 
------------------------------
 
(1 row)

SELECT reltablespace FROM pg_class where oid = 'regaoty'::regclass::oid;
 reltablespace 
---------------
          8555
(1 row)

INSERT INTO regaoty SELECT * FROM generate_series(1, 100000);
SELECT COUNT(1) FROM regaoty;
 count  
--------
 100000
(1 row)

CREATE TEMP TABLE yezzey_ao_relfilenode_before_expand AS 
SELECT relfilenode FROM yezzey_dump_virtual_index('regaoty') DISTRIBUTED RANDOMLY;
ALTER TABLE regaoty EXPAND TABLE;
SELECT reltablespace FROM pg_class where oid = 'regaoty'::regclass::oid;
 reltablespace 
---------------
          8555
(1 row)

INSERT INTO regaoty SELECT * FROM generate_series(1, 100000);
SELECT COUNT(1) FROM regaoty;
 count  
--------
 200000
(1 row)

SELECT relfilenode FROM yezzey_dump_virtual_index('regaoty') INTERSECT TABLE yezzey_ao_relfilenode_before_expand;
 relfilenode 
-------------
(0 rows)

DROP TABLE regaoty;
-- AOCS
CREATE TABLE regaocsty(i INT) WITH (appendonly=true);
set allow_system_table_mods TO on;
update gp_distribution_policy set numsegments = 2 where localoid = 'regaocsty'::regclass::oid;
SELECT * FROM yezzey_define_offload_policy('regaocsty');
 yezzey_define_offload_policy 
------------------------------
 
(1 row)

SELECT reltablespace FROM pg_class where oid = 'regaocsty'::regclass::oid;
 reltablespace 
---------------
          8555
(1 row)

INSERT INTO regaocsty SELECT * FROM generate_series(1, 100000);
SELECT COUNT(1) FROM regaocsty;
 count  
--------
 100000
(1 row)

CREATE TEMP TABLE yezzey_aocs_relfilenode_before_expand AS 
SELECT relfilenode FROM yezzey_dump_virtual_index('regaocsty') DISTRIBUTED RANDOMLY;
ALTER TABLE regaocsty EXPAND TABLE;
SELECT reltablespace FROM pg_class where oid = 'regaocsty'::regclass::oid;
 reltablespace 
---------------
          8555
(1 row)

INSERT INTO regaocsty SELECT * FROM generate_series(1, 100000);
SELECT COUNT(1) FROM regaocsty;
 count  
--------
 200000
(1 row)

SELECT relfilenode FROM yezzey_dump_virtual_index('regaocsty') INTERSECT TABLE yezzey_aocs_relfilenode_before_expand;
 relfilenode 
-------------
(0 rows)

DROP TABLE regaocsty;
DROP EXTENSION yezzey;
CHECKPOINT;
