CREATE EXTENSION yezzey;
SET client_min_messages TO WARNING;
-- AO
CREATE TABLE expand_regaoty(i INT) WITH (appendonly=true);
set allow_system_table_mods TO on;
update gp_distribution_policy set numsegments = 2 where localoid = 'expand_regaoty'::regclass::oid;
SELECT * FROM yezzey_define_offload_policy('expand_regaoty');
                            status                            
--------------------------------------------------------------
 offloaded relation public.expand_regaoty to external storage
(1 row)

SELECT reltablespace FROM pg_class where oid = 'expand_regaoty'::regclass::oid;
 reltablespace 
---------------
          8555
(1 row)

INSERT INTO expand_regaoty SELECT * FROM generate_series(1, 100000);
SELECT COUNT(1) FROM expand_regaoty;
 count  
--------
 100000
(1 row)

CREATE TEMP TABLE yezzey_ao_relfilenode_before_expand AS 
SELECT filenode FROM gp_dist_random('yezzey.yezzey_virtual_index') where relation = 'expand_regaoty'::regclass::oid DISTRIBUTED RANDOMLY;
ALTER TABLE expand_regaoty EXPAND TABLE;
SELECT reltablespace FROM pg_class where oid = 'expand_regaoty'::regclass::oid;
 reltablespace 
---------------
          8555
(1 row)

INSERT INTO expand_regaoty SELECT * FROM generate_series(1, 100000);
SELECT COUNT(1) FROM expand_regaoty;
 count  
--------
 200000
(1 row)

SELECT filenode FROM gp_dist_random('yezzey.yezzey_virtual_index') where relation =  'expand_regaoty'::regclass::oid INTERSECT TABLE yezzey_ao_relfilenode_before_expand;
 filenode 
----------
(0 rows)

DROP TABLE expand_regaoty;
-- AOCS
CREATE TABLE expand_regaocsty(i INT) WITH (appendonly=true);
set allow_system_table_mods TO on;
update gp_distribution_policy set numsegments = 2 where localoid = 'expand_regaocsty'::regclass::oid;
SELECT * FROM yezzey_define_offload_policy('expand_regaocsty');
                             status                             
----------------------------------------------------------------
 offloaded relation public.expand_regaocsty to external storage
(1 row)

SELECT reltablespace FROM pg_class where oid = 'expand_regaocsty'::regclass::oid;
 reltablespace 
---------------
          8555
(1 row)

INSERT INTO expand_regaocsty SELECT * FROM generate_series(1, 100000);
SELECT COUNT(1) FROM expand_regaocsty;
 count  
--------
 100000
(1 row)

CREATE TEMP TABLE yezzey_aocs_relfilenode_before_expand AS 
SELECT filenode FROM gp_dist_random('yezzey.yezzey_virtual_index') where relation = 'expand_regaocsty'::regclass::oid DISTRIBUTED RANDOMLY;
ALTER TABLE expand_regaocsty EXPAND TABLE;
SELECT reltablespace FROM pg_class where oid = 'expand_regaocsty'::regclass::oid;
 reltablespace 
---------------
          8555
(1 row)

INSERT INTO expand_regaocsty SELECT * FROM generate_series(1, 100000);
SELECT COUNT(1) FROM expand_regaocsty;
 count  
--------
 200000
(1 row)

SELECT filenode FROM gp_dist_random('yezzey.yezzey_virtual_index') where relation = 'expand_regaocsty'::regclass::oid INTERSECT TABLE yezzey_aocs_relfilenode_before_expand;
 filenode 
----------
(0 rows)

DROP TABLE expand_regaocsty;
DROP EXTENSION yezzey;
CHECKPOINT;
