CREATE EXTENSION yezzey;
SET client_min_messages TO WARNING;
-- AO
CREATE TABLE regaotylol187(i INT) WITH (appendonly=true) DISTRIBUTED BY (i);
INSERT INTO regaotylol187 SELECT * FROM generate_series(1, 100000);
SELECT * FROM yezzey_define_offload_policy('regaotylol187');
                           status                            
-------------------------------------------------------------
 offloaded relation public.regaotylol187 to external storage
(1 row)

SELECT reltablespace FROM pg_class where oid = 'regaotylol187'::regclass::oid;
 reltablespace 
---------------
          8555
(1 row)

SELECT yezzey_load_relation('regaotylol187');
              yezzey_load_relation              
------------------------------------------------
 loaded relation regaotylol187 to local storage
(1 row)

SELECT reltablespace FROM pg_class where oid = 'regaotylol187'::regclass::oid;
 reltablespace 
---------------
          1663
(1 row)

SELECT * FROM yezzey_define_offload_policy('regaotylol187');
                           status                            
-------------------------------------------------------------
 offloaded relation public.regaotylol187 to external storage
(1 row)

SELECT reltablespace FROM pg_class where oid = 'regaotylol187'::regclass::oid;
 reltablespace 
---------------
          8555
(1 row)

SELECT count(1) FROM regaotylol187;
 count  
--------
 100000
(1 row)

INSERT INTO regaotylol187 SELECT * FROM generate_series(1, 100000);
SELECT count(1) FROM regaotylol187;
 count  
--------
 200000
(1 row)

DROP TABLE regaotylol187;
CREATE TABLE vacuum_garbage_aot_187(i INT) WITH (appendonly=true) DISTRIBUTED BY (i);
SELECT yezzey_define_offload_policy('vacuum_garbage_aot_187');
                     yezzey_define_offload_policy                     
----------------------------------------------------------------------
 offloaded relation public.vacuum_garbage_aot_187 to external storage
(1 row)

CREATE TABLE vacuum_garbage_aot_187_r_187(i INT) WITH (appendonly=true) DISTRIBUTED BY (i);
SELECT yezzey_define_offload_policy('vacuum_garbage_aot_187_r_187');
                        yezzey_define_offload_policy                        
----------------------------------------------------------------------------
 offloaded relation public.vacuum_garbage_aot_187_r_187 to external storage
(1 row)

-- check how it work with ONLY given relation
INSERT INTO vacuum_garbage_aot_187_r_187 VALUES(1);
DELETE FROM vacuum_garbage_aot_187_r_187;
INSERT INTO vacuum_garbage_aot_187_r_187 VALUES(1);
VACUUM vacuum_garbage_aot_187_r_187;
INSERT INTO vacuum_garbage_aot_187 VALUES(1);
DELETE FROM vacuum_garbage_aot_187;
INSERT INTO vacuum_garbage_aot_187 VALUES(1);
VACUUM vacuum_garbage_aot_187;
-- should be three files, old and new, and after vacuum
SELECT count(1) FROM yezzey_relation_describe_external_storage_structure('vacuum_garbage_aot_187_r_187');
 count 
-------
     3
(1 row)

-- should be three files, old and new, and after vacuum
SELECT count(1) FROM yezzey_relation_describe_external_storage_structure('vacuum_garbage_aot_187');
 count 
-------
     3
(1 row)

SELECT yezzey_vacuum_garbage_relation('vacuum_garbage_aot_187_r_187', true, true);
 yezzey_vacuum_garbage_relation 
--------------------------------
 f
 f
 f
(3 rows)

-- should single file.
SELECT count(1) FROM yezzey_relation_describe_external_storage_structure('vacuum_garbage_aot_187_r_187');
 count 
-------
     1
(1 row)

-- should not change
SELECT count(1) FROM yezzey_relation_describe_external_storage_structure('vacuum_garbage_aot_187');
 count 
-------
     3
(1 row)

-- should be one file in each relation
SELECT yezzey_vacuum_garbage(true, true);
 yezzey_vacuum_garbage 
-----------------------
 f
 f
 f
(3 rows)

SELECT count(1) FROM yezzey_relation_describe_external_storage_structure('vacuum_garbage_aot_187');
 count 
-------
     1
(1 row)

SELECT count(1) FROM yezzey_relation_describe_external_storage_structure('vacuum_garbage_aot_187_r_187');
 count 
-------
     1
(1 row)

DROP TABLE vacuum_garbage_aot_187;
DROP TABLE vacuum_garbage_aot_187_r_187;
-- should be zero
SELECT yezzey_vacuum_garbage(true, true);
 yezzey_vacuum_garbage 
-----------------------
 f
 f
 f
(3 rows)

SELECT count(1) FROM yezzey_relation_describe_external_storage_structure('vacuum_garbage_aot_187');
 count 
-------
     0
(1 row)

SELECT count(1) FROM yezzey_relation_describe_external_storage_structure('vacuum_garbage_aot_187_r_187');
 count 
-------
     0
(1 row)

DROP EXTENSION yezzey;
CHECKPOINT;
